// Jest Snapshot v1, https://goo.gl/fbAQLP

exports[`matches snapshot 1`] = `
<div
  className="container layout-children-container"
>
  <div
    className="mt-4"
  >
    <button
      className="btn-link"
      onClick={[Function]}
      type="button"
    >
      ← Back to your accounts
    </button>
  </div>
  <h1
    className="h1 mb-2 mt-4"
  >
    About 
    Sample App
  </h1>
  <div
    className="clearfix mb-4"
  >
    <div
      className="col-md-6 float-left"
    >
      <div
        className="pr-4"
      >
        <p>
          I built 
          Sample App
           because I got tired of tracking my games in Google Sheets each competitive season. Initially 
          Sample App
           was a web app, but I wanted a way to let people store their own data without the need for it to be hosted online. Hence this desktop app was born.
        </p>
        <p>
          Sample App
           is built
          <span>
             using 
          </span>
          <a
            href="https://electronjs.org/"
            onClick={[Function]}
          >
            Electron
          </a>
          <span>
            , 
          </span>
          <a
            href="https://primer.github.io/"
            onClick={[Function]}
          >
            Primer
          </a>
          <span>
            , 
          </span>
          <span>
             and 
          </span>
          <a
            href="https://reactjs.org/"
            onClick={[Function]}
          >
            React
          </a>
          . You can view its source code and contribute yourself, if you like,
          <span>
             on 
          </span>
          <a
            href="https://github.com/cheshire137/competiwatch-desktop/"
            onClick={[Function]}
          >
            GitHub
          </a>
          .
        </p>
        <p>
          Thank you to Blizzard for making Overwatch.
          <span>
             
            <span
              aria-label="Heart"
              role="img"
            >
              ❤️
            </span>
             
          </span>
          I own none of the concepts, hero images, or competitive rank images, that's all Blizzard.
        </p>
        <p>
          — Sarah
        </p>
      </div>
    </div>
    <div
      className="col-md-6 float-left"
    >
      <div
        className="pl-4"
      >
        <ul
          className="list-style-none"
        >
          <li>
            Version 
            0.2.3
          </li>
          <li>
            <button
              className="btn-link"
              onClick={[Function]}
              type="button"
            >
              Check for new version
            </button>
          </li>
          <li>
            <a
              href="https://github.com/cheshire137/competiwatch-desktop/blob/master/CHANGELOG.md"
              onClick={[Function]}
            >
              See what's new
            </a>
          </li>
          <li>
            <a
              href="https://github.com/cheshire137/competiwatch-desktop/"
              onClick={[Function]}
            >
              View source
            </a>
          </li>
          <li>
            <a
              href="https://github.com/cheshire137/competiwatch-desktop/issues/"
              onClick={[Function]}
            >
              Report a bug
            </a>
          </li>
        </ul>
      </div>
    </div>
  </div>
</div>
`;
